[phulpur-connect.lovable.app/index.html]
[phulpur-connect.lovable.app/assets/hero-phulpur-CtcTKnUK.jpg]
[backblue.gif]
[fade.gif]
[index.html]
[pub-bb2e103a32db4e198524a2e9ed8f35b4.r2.dev/a9438123-4714-4c1e-8fa5-da3c86d44de0/id-preview-c9450d6e--af042bba-7b79-4c94-b575-6cd7e34ca976.lovable.app-1776706655467.png]
[phulpur-connect.lovable.app/assets/index-BZOZY0bm.js]
[phulpur-connect.lovable.app/assets/index-DqY7U-XN.js]
[phulpur-connect.lovable.app/assets/hero-mosque-IWczzbrU.js]
[phulpur-connect.lovable.app/assets/CategoryGrid-Bo1aaV4u.js]
[phulpur-connect.lovable.app/assets/BusinessCard-DnQny3jX.js]
[phulpur-connect.lovable.app/assets/mock-DxxIvMzL.js]
[phulpur-connect.lovable.app/assets/star-Bf00vFev.js]
[phulpur-connect.lovable.app/assets/styles-CfCjr2a9.css]
[phulpur-connect.lovable.app/_flock.js]
[phulpur-connect.lovable.app/services.html]
[phulpur-connect.lovable.app/news.html]
[phulpur-connect.lovable.app/jobs.html]
[phulpur-connect.lovable.app/contact.html]
[phulpur-connect.lovable.app/assets/hero-mosque-BXhB9nfA.jpg]
[phulpur-connect.lovable.app/assets/hero-bazaar-CoP7fegR.jpg]
[phulpur-connect.lovable.app/add-business.html]
[phulpur-connect.lovable.app/index.html]
[phulpur-connect.lovable.app/assets/styles-CfCjr2a9.css]
[phulpur-connect.lovable.app/business.html]
[phulpur-connect.lovable.app/services.html]
[phulpur-connect.lovable.app/assets/services-D3E31Tg8.js]
[phulpur-connect.lovable.app/news.html]
[phulpur-connect.lovable.app/assets/news-Db6N9h0W.js]
[phulpur-connect.lovable.app/jobs.html]
[phulpur-connect.lovable.app/assets/jobs-CHFXOJ7T.js]
[phulpur-connect.lovable.app/contact.html]
[phulpur-connect.lovable.app/assets/contact-BvWHl49G.js]
[phulpur-connect.lovable.app/add-business.html]
[phulpur-connect.lovable.app/assets/add-business-CkYX7kDJ.js]
[phulpur-connect.lovable.app/business.html]
[phulpur-connect.lovable.app/assets/business-BYv9w-h4.js]
